<?xml version="1.0" encoding="UTF-8"?>
<testsuites name="jest tests" tests="12" failures="0" errors="0" time="1.313">
  <testsuite name="utils/parseBreakpoint" errors="0" failures="0" skipped="0" timestamp="2021-10-26T02:10:34" time="0.299" tests="1">
    <testcase classname="utils/parseBreakpoint returns breakpoint in number format from global theme breakpoint object key" name="utils/parseBreakpoint returns breakpoint in number format from global theme breakpoint object key" time="0.003">
    </testcase>
  </testsuite>
  <testsuite name="utils/variant" errors="0" failures="0" skipped="0" timestamp="2021-10-26T02:10:34" time="0.269" tests="5">
    <testcase classname="utils/variant functions with string properties" name="utils/variant functions with string properties" time="0.133">
    </testcase>
    <testcase classname="utils/variant default variant works" name="utils/variant default variant works" time="0.003">
    </testcase>
    <testcase classname="utils/variant &apos;all&apos; style property gets added to all chosen variants" name="utils/variant &apos;all&apos; style property gets added to all chosen variants" time="0.003">
    </testcase>
    <testcase classname="utils/variant &apos;all&apos; style property gets added to default variant" name="utils/variant &apos;all&apos; style property gets added to default variant" time="0.003">
    </testcase>
    <testcase classname="utils/variant &apos;all&apos; styles can be overridden" name="utils/variant &apos;all&apos; styles can be overridden" time="0.003">
    </testcase>
  </testsuite>
  <testsuite name="utils/mq" errors="0" failures="0" skipped="0" timestamp="2021-10-26T02:10:35" time="0.043" tests="1">
    <testcase classname="utils/mq generates media query css string from breakpoints object in global theme" name="utils/mq generates media query css string from breakpoints object in global theme" time="0.001">
    </testcase>
  </testsuite>
  <testsuite name="utils/token" errors="0" failures="0" skipped="0" timestamp="2021-10-26T02:10:35" time="0.105" tests="3">
    <testcase classname="utils/token single property access in design system object" name="utils/token single property access in design system object" time="0.001">
    </testcase>
    <testcase classname="utils/token dot notation property access in design system object" name="utils/token dot notation property access in design system object" time="0.001">
    </testcase>
    <testcase classname="utils/token alias property access in design system object" name="utils/token alias property access in design system object" time="0.002">
    </testcase>
  </testsuite>
  <testsuite name="utils/colorSwatches" errors="0" failures="0" skipped="0" timestamp="2021-10-26T02:10:35" time="0.045" tests="2">
    <testcase classname="utils/colorSwatches generates color palette from hex color" name="utils/colorSwatches generates color palette from hex color" time="0.005">
    </testcase>
    <testcase classname="utils/colorSwatches generates color palette from rgb color" name="utils/colorSwatches generates color palette from rgb color" time="0.004">
    </testcase>
  </testsuite>
</testsuites>